86 -1996488567
46 301990162
22 1077932407
170 1077933336
226 1077933464
200 1077933636
204 1077933696
36 1077933696
192 1801819576
196 1802174169
128 1802545157
172 1802835040
156 1819363897
162 1819374337
166 1819379296
138 -1131675648
182 -1697513472
206 2031616000
222 -1131675648
180 -1697513472
230 2031616000
212 -1131668792
14 -1697501656
122 2031632776
150 -1131665728
102 -1697498584
62 2031635863
74 -1131665697
126 -1697498545
4 2031635903
56 -1131664704
96 -1697497041
76 2031637918
154 -565832336
104 -565832336
16 -565832336
244 -565832336
58 -565832336
2 -565832336
20 -565832336
152 -565832336
18 -565832336
10 -565832336
106 -565832336
116 -565832336
110 -565832336
8 -565832336
148 -565832336
30 -565832336
124 -565832336
78 -565832336
88 -565832336
120 -565832336
100 -565832336
101 -565832336
99 -565832336
147 -565832336
194 -565832336
98 -565832336
108 -565832336
161 -565832336
95 -565832336
158 -565832336
159 -565832336
94 -565832336
93 -565832336
160 -565832336
92 -565832336
143 -565832336
131 -565832336
175 -565832336
132 -565832336
133 -565832336
174 -565832336
140 -565832336
141 -565832336
119 -565832336
118 -565832336
185 -565832336
142 -565832336
146 -565832336
115 -565832336
144 -565832336
114 -565832336
113 -565832336
112 -565832336
145 -565832336
188 -565832336
109 -565832336
130 -565832336
189 -565832336
241 -565832336
221 -565832336
55 -565832336
53 -565832336
52 -565832336
51 -565832336
243 -565832336
49 -565832336
48 -565832336
47 -565832336
224 -565832336
225 -565832336
50 -565832336
39 -565832336
13 -565832336
228 -565832336
229 -565832336
33 -565832336
29 -565832336
27 -565832336
25 -565832335
235 -565832334
233 -565832333
60 -565832332
195 -565832330
81 -565832323
80 -565832316
210 -565832302
73 -565832288
72 -565832274
71 -565832260
7 -565832196
70 -565832068
220 -565831940
67 -565831695
61 -565831450
66 -565831205
69 -565830960
65 -565830715
64 -565830470
240 -565830225
87 -565829980
32 -565829735
41 -565829490
216 -565829245
40 -565829000
28 -565828616
38 -565828082
26 -565827548
24 -565827014
68 -565826480
232 -565825946
12 -565825412
6 -565824878
163 -565824344
197 -565823810
157 -565823276
23 -565822742
171 -565822208
173 -565821674
37 -565821140
129 -565820606
227 -565820072
193 -565819538
205 -565819004
201 -565818470
184 -565817936
1 -565817402
245 -565816868
59 -565816334
121 -565815800
117 -565815266
111 -565814732
107 -565814198
105 -565813664
97 -565812672
89 -565779914
83 -565747156
79 -565714398
77 -565681640
153 -565648882
57 -565616122
43 -565583362
31 -565550602
21 -565517842
19 -565485082
17 -565452322
11 -565419562
9 -565386802
5 -565354042
3 -565321282
155 -565288522
127 -565255762
125 -565223002
149 -565190242
234 -565157482
215 -565124722
203 -565091962
239 -565059202
187 -565026442
209 -564993682
75 -564960922
213 -564928162
63 -564895402
217 -564862642
123 -564829882
219 -564797122
137 -564764362
223 -564731602
45 -564698842
139 -564666082
35 -531046111
169 -480648925
231 -346365652
167 -77864643
237 190636366
15 492626528
165 1306786642
151 1628373312
135 1628373314
183 -2139101553
181 -1061168089
179 16765547
191 1094699243
103 -2122334357
177 -815547715
91 812825597
199 -1853768385
85 -51948809
211 1750225360
207 -742196779
54 1060638261
42 -1414965138
82 404409199
242 -2071178801
218 -221399687
238 1628383096
186 -816633855
202 1033791729
208 -1410746927
214 439681713
178 -2004853487
198 -154421391
34 1696010705
134 -748524495
136 1101907617
164 -1342623775
168 508012049
90 -1755339247
190 276276753
176 -1987057767
236 44578096
84 2076213999
44 -187115379
2100037359
